{
  "tableCfgs": {
    "_data": [
      {
        "version": 1,
        "key": "tableCfgs",
        "type": "ingredients",
        "isHead": false,
        "isRoot": false,
        "isShared": true,
        "columns": {
          "key": {
            "type": "string",
            "_hash": "AEBOaGQVNw8XEcTXrPopBU"
          },
          "type": {
            "type": "string",
            "_hash": "AEBOaGQVNw8XEcTXrPopBU"
          },
          "_hash": "i9dW71QAqKTOtXrdHzedya"
        },
        "_hash": "FnkfKIfksP8lVDEi1hjKBn"
      },
      {
        "version": 1,
        "key": "revisions",
        "type": "ingredients",
        "isHead": false,
        "isRoot": false,
        "isShared": true,
        "columns": {
          "table": {
            "type": "string",
            "_hash": "AEBOaGQVNw8XEcTXrPopBU"
          },
          "predecessor": {
            "type": "string",
            "_hash": "AEBOaGQVNw8XEcTXrPopBU"
          },
          "successor": {
            "type": "string",
            "_hash": "AEBOaGQVNw8XEcTXrPopBU"
          },
          "timestamp": {
            "type": "number",
            "_hash": "zd-Cda-hVAhTMHlYGtJ_lb"
          },
          "id": {
            "type": "string",
            "_hash": "AEBOaGQVNw8XEcTXrPopBU"
          },
          "_hash": "kDw9ocmOPGDCooCX5n9H3O"
        },
        "_hash": "KK7MV6tta9SVVZx_GSP3Dg"
      }
    ],
    "_type": "ingredients",
    "_tableCfg": "FnkfKIfksP8lVDEi1hjKBn",
    "_hash": "mH6xUNrFI-SGgu5fZBi1Pg"
  }
}