{
  "_hash": "Vre6YcG68CnspY5dc7DSlX",
  "tableCfgs": {
    "_data": [
      {
        "version": 1,
        "key": "tableCfgs",
        "type": "ingredients",
        "columns": {
          "key": {
            "key": "key",
            "type": "string",
            "previous": "string",
            "_hash": "ihagAmOoQOmhFSVINwQw9A"
          },
          "type": {
            "key": "type",
            "type": "string",
            "previous": "string",
            "_hash": "PSoWCBj2arLb56BHBnYDUO"
          },
          "_hash": "4rRRswbOKxipAkL7YAqL4E"
        },
        "_hash": "E_lIGygQ0yJdIxpgclZSeB"
      },
      {
        "key": "table1",
        "version": 1,
        "columns": {
          "a": {
            "key": "a",
            "type": "string",
            "_hash": "4sOy83iAANZEj6_Lmlg0d3"
          },
          "b": {
            "key": "b",
            "type": "number",
            "_hash": "dHYaVsRiXeP_WY7Qrd5Y8J"
          },
          "_hash": "MTFVrEq9Ps-ok4pltTHfLq"
        },
        "type": "ingredients",
        "_hash": "iV1stjZctS3roKFkGegzEG"
      },
      {
        "key": "table2",
        "version": 1,
        "columns": {
          "a": {
            "key": "a",
            "type": "string",
            "_hash": "4sOy83iAANZEj6_Lmlg0d3"
          },
          "b": {
            "key": "b",
            "type": "number",
            "_hash": "dHYaVsRiXeP_WY7Qrd5Y8J"
          },
          "_hash": "MTFVrEq9Ps-ok4pltTHfLq"
        },
        "type": "ingredients",
        "_hash": "DFrZ_6rZXZx_vfLdDnDjwJ"
      }
    ],
    "_type": "ingredients",
    "_tableCfg": "E_lIGygQ0yJdIxpgclZSeB",
    "_hash": "3fl5zX0BZ5TkrJDyMG25_Z"
  },
  "table1": {
    "_data": [],
    "_type": "ingredients",
    "_tableCfg": "iV1stjZctS3roKFkGegzEG",
    "_hash": "LHOhA2OIgqHa5yXiJLRngA"
  },
  "table2": {
    "_data": [],
    "_type": "ingredients",
    "_tableCfg": "DFrZ_6rZXZx_vfLdDnDjwJ",
    "_hash": "M7TCMcMFS62KCFbNaL0Per"
  }
}