{
  "table1": {
    "_data": [
      {
        "a": "a2",
        "_hash": "coOa9IUeUZ7j2a7U-tReeu"
      }
    ],
    "_type": "ingredients",
    "_tableCfg": "LM5fm8eNChH3kE3D38X0Fa",
    "_hash": "NLmk4JqafxZOyk6R_yrgnT"
  }
}