[
  {
    "_hash": "jERNpYntKnsV66yxoS2xOg",
    "key": "tableCfgs",
    "type": "tableCfgs",
    "isHead": false,
    "isRoot": false,
    "isShared": true,
    "previous": "",
    "columns": [
      {
        "key": "_hash",
        "type": "string",
        "titleShort": "Hash",
        "titleLong": "Row Hash",
        "_hash": "2QxgcOKzL6zsVCo9Yi_5Ke"
      },
      {
        "key": "key",
        "type": "string",
        "titleShort": "Key",
        "titleLong": "Table Key",
        "_hash": "vXW6G031fGusGpEgdnVWmt"
      },
      {
        "key": "type",
        "type": "string",
        "titleShort": "Type",
        "titleLong": "Content Type",
        "_hash": "X2upWVtQ02TKW3mj6SqU0c"
      },
      {
        "key": "isHead",
        "type": "boolean",
        "titleShort": "Is Head",
        "titleLong": "Is Head Table",
        "_hash": "A-q9m5MVPMRVN6hk4pAMLH"
      },
      {
        "key": "isRoot",
        "type": "boolean",
        "titleShort": "Is Root",
        "titleLong": "Is Root Table",
        "_hash": "qYiiwGCxzUtxlqIvZeU1rh"
      },
      {
        "key": "isShared",
        "type": "boolean",
        "titleShort": "Is Shared",
        "titleLong": "Is Shared Table",
        "_hash": "jS9CqQBxXDhz1IB6PET4-P"
      },
      {
        "key": "previous",
        "type": "string",
        "titleShort": "Previous",
        "titleLong": "Previous Table Configuration Hash",
        "_hash": "0EgSa6oJSjOqjUCqlJzb5E"
      },
      {
        "key": "columns",
        "type": "jsonArray",
        "titleShort": "Columns",
        "titleLong": "Column Configurations",
        "_hash": "GRV_4vc3xouarDpc1ZXE2_"
      }
    ]
  },
  {
    "key": "revisions",
    "type": "revisions",
    "isHead": true,
    "isRoot": true,
    "isShared": false,
    "columns": [
      {
        "key": "_hash",
        "type": "string",
        "titleShort": "Hash",
        "titleLong": "Row Hash",
        "_hash": "2QxgcOKzL6zsVCo9Yi_5Ke"
      },
      {
        "key": "table",
        "type": "string",
        "titleShort": "Table",
        "titleLong": "Table Key",
        "_hash": "dxePvdUNnwg2TdHEAPlzcL"
      },
      {
        "key": "predecessor",
        "type": "string",
        "titleShort": "Predecessor",
        "titleLong": "Predecessor Revision Hash",
        "_hash": "DX2BPCXbaK-WFn4Oy9hYjg"
      },
      {
        "key": "successor",
        "type": "string",
        "titleShort": "Successor",
        "titleLong": "Successor Revision Hash",
        "_hash": "w-IMk9JjuBkgt88ddVGV7B"
      },
      {
        "key": "timestamp",
        "type": "number",
        "titleShort": "Timestamp",
        "titleLong": "Revision Timestamp",
        "_hash": "G9EloAJ1OVidMrffwSVrLt"
      },
      {
        "key": "id",
        "type": "string",
        "titleShort": "ID",
        "titleLong": "Revision ID",
        "_hash": "gwBBBa7SXFx2Zfz00JYdCR"
      }
    ],
    "_hash": "KFWwSAaR3bnqCwesHeAN4k"
  },
  {
    "key": "table0",
    "type": "components",
    "isHead": false,
    "isRoot": false,
    "isShared": true,
    "columns": [
      {
        "key": "_hash",
        "type": "string",
        "titleShort": "_hash",
        "titleLong": "Hash",
        "_hash": "L9iUlNEZRCGaQQts9mi--U"
      },
      {
        "key": "col0",
        "type": "string",
        "titleShort": "col0",
        "titleLong": "Col0",
        "_hash": "dCXjY3cV-nGTHT-40a9SLj"
      },
      {
        "key": "col1",
        "type": "string",
        "titleShort": "col1",
        "titleLong": "Col1",
        "_hash": "FMQLo4Apkp7E3LwlW9Fzuy"
      },
      {
        "key": "col2",
        "type": "string",
        "titleShort": "col2",
        "titleLong": "Col2",
        "_hash": "jeJdZQXgk22xyinIGX6IeM"
      }
    ],
    "_hash": "XyGTK9tL8OKBWGtsV0Ni-6"
  }
]