{
  "table1": {
    "_data": [
      {
        "keyA2": "a2",
        "_hash": "apLP3I2XLnVm13umIZdVhV"
      }
    ],
    "_type": "ingredients",
    "_tableCfg": "MkmRHAH1WplV0OSRcGaN7s",
    "_hash": "WSVeNHLfabdYmmgsab86gW"
  }
}