{
  "_hash": "HyxApn_0TAgMULDMIgL87n",
  "tableCfgs": {
    "_data": [
      {
        "_hash": "HF3GGLx_uk8DPpNlLqEL-L",
        "key": "tableCfgs",
        "type": "ingredients",
        "isHead": false,
        "isRoot": false,
        "isShared": true,
        "version": 1,
        "previous": "",
        "columns": [
          {
            "key": "_hash",
            "type": "string",
            "_hash": "df4oYftB-71Njv9FprRCeg"
          },
          {
            "key": "key",
            "type": "string",
            "_hash": "tapEY-QdaJwWhz1PPZoG35"
          },
          {
            "key": "type",
            "type": "string",
            "_hash": "zE7ALsNzu5JPgDD4AxeRCh"
          },
          {
            "key": "isHead",
            "type": "boolean",
            "_hash": "ar8Hajt2UZDn-F21QLMyC_"
          },
          {
            "key": "isRoot",
            "type": "boolean",
            "_hash": "hedsCm_HtiiTuzJyTeMqhm"
          },
          {
            "key": "isShared",
            "type": "boolean",
            "_hash": "pxXOf3-3qCo9Z3FzC9JXSH"
          },
          {
            "key": "version",
            "type": "number",
            "_hash": "jh-09qWJO1OPbi1accVjYD"
          },
          {
            "key": "previous",
            "type": "string",
            "_hash": "e0TEeDmSvJcLEMtrVxc0oW"
          },
          {
            "key": "columns",
            "type": "jsonArray",
            "_hash": "aPmGTcNng9E1RvlEj1LtxB"
          }
        ]
      },
      {
        "version": 1,
        "key": "revisions",
        "type": "ingredients",
        "isHead": true,
        "isRoot": true,
        "isShared": false,
        "columns": [
          {
            "key": "_hash",
            "type": "string",
            "_hash": "df4oYftB-71Njv9FprRCeg"
          },
          {
            "key": "table",
            "type": "string",
            "_hash": "FmsYjsit04XJi02Sihdwl-"
          },
          {
            "key": "predecessor",
            "type": "string",
            "_hash": "RlAk7Lj-lZf2KDlUk5fekZ"
          },
          {
            "key": "successor",
            "type": "string",
            "_hash": "MJlFtQVty5oUJKVzzj5hyB"
          },
          {
            "key": "timestamp",
            "type": "number",
            "_hash": "XpKYGh23thW6vONgQuoMHf"
          },
          {
            "key": "id",
            "type": "string",
            "_hash": "eq2P3RIaSgy81i7PomNUvn"
          }
        ],
        "_hash": "YwTNgldrrZ-EwDqU0NDEUt"
      }
    ],
    "_type": "ingredients",
    "_tableCfg": "HF3GGLx_uk8DPpNlLqEL-L",
    "_hash": "iSvazwqw33PLbMC3VytLOh"
  },
  "revisions": {
    "_data": [],
    "_type": "ingredients",
    "_tableCfg": "YwTNgldrrZ-EwDqU0NDEUt",
    "_hash": "VctjlTt3szMZ0IL0jtQF-s"
  }
}