{
  "buffets": {
    "x3NJ6SkeTtDA8sKfViLN9k": {}
  },
  "cakes": {
    "llG_gG-Klj7RZw0muCe_Rj": {
      "buffets": {
        "x3NJ6SkeTtDA8sKfViLN9k": {}
      }
    }
  },
  "slices": {
    "wyYfK5E4ArrMKQ_zvi2-EE": {}
  },
  "ingredientTypes": {
    "UNxHIyPK7AACyUsbISW7bp": {}
  },
  "layers": {
    "pcX-O7vO8I-89FLtQY92o3": {
      "cakes": {
        "llG_gG-Klj7RZw0muCe_Rj": {}
      }
    },
    "6ZScXsaW3A50O0Dde0tvzj": {
      "cakes": {
        "llG_gG-Klj7RZw0muCe_Rj": {}
      }
    }
  },
  "recipes": {
    "hYZ9Dqvuvm2OI_seLP4PPv": {
      "layers": {
        "pcX-O7vO8I-89FLtQY92o3": {}
      }
    }
  },
  "recipeIngredients": {
    "4coxp7hPCsH7hSnAVeUVZj": {
      "recipes": {
        "hYZ9Dqvuvm2OI_seLP4PPv": {}
      }
    }
  },
  "ingredients": {
    "A5d-4if1fQpQERfwFsjKqb": {
      "recipeIngredients": {
        "4coxp7hPCsH7hSnAVeUVZj": {}
      }
    }
  },
  "nutritionalValues": {
    "R165gWZn_Pcj_je3AwSsXI": {
      "ingredients": {
        "A5d-4if1fQpQERfwFsjKqb": {}
      }
    },
    "IqeoWJjZQNlr-NVk2QT15B": {}
  }
}